components/hello-wave.tsx(10,9): error TS2353: Object literal may only specify known properties, and 'animationName' does not exist in type 'TextStyle | RecursiveArray<TextStyle | Falsy | RegisteredStyle<TextStyle>> | SharedValue<TextStyle> | ... 5 more ... | RecursiveArray<...>'.
